[warning] 2 warning(s) in dead_code_elimination.mmt
Static Analyzer Warning at test/optimizer/dead_code_elimination.mmt:12
   |
12 |     def y: Int = x + 4;
   |         ^ Binding 'y' is never read.
   |
Static Analyzer Warning at test/optimizer/dead_code_elimination.mmt:23
   |
23 |     def x: Int = print_and_return(1);
   |         ^ Binding 'x' is never read.
   |
effect=1
effect=2
unused_pure_local=9
pure_statement_cleanup=5
kept_effectful_local=2
kept_effectful_statement=4
