Compilation failed :( 
Parser Error at test/expression/failure/compound_assignment_bitwise_removed.mmt:6
  |
6 | 	bits &= 10;
  |       ^^ Compound assignment '&=' is no longer supported. Compute the value and bind it with 'def'; a loop that accumulates becomes a comprehension or a recursive helper.
  |
