Compilation failed :( 
Parser Error at C:\Users\jk381\source\repos\ZhongLienong\Midori\test\expression\failure\concat_assign_array_element_removed.mdr:4
  |
4 | items ++= 3;
  |       ^^^ Concatenation assignment syntax '++=' is no longer supported. Bind the concatenation with 'def', or use Appendable::Append / Extendable::Extend.
  |
