Compilation failed :( 
Code Generator Error at C:\Users\jk381\source\repos\ZhongLienong\Midori\test\expression\failure\hidden_local_capture_in_operand_position.mdr:0
  Capturing a variable declared in a block used inside a larger expression is not supported.
Code Generator Error at C:\Users\jk381\source\repos\ZhongLienong\Midori\test\expression\failure\hidden_local_capture_in_operand_position.mdr:0
  Capturing a variable declared in a block used inside a larger expression is not supported.
Code Generator Error at C:\Users\jk381\source\repos\ZhongLienong\Midori\test\expression\failure\hidden_local_capture_in_operand_position.mdr:0
  Capturing a variable declared in a block used inside a larger expression is not supported.
