Compilation failed :( 
Type Checker Error at test/concurrency/failure/spawn_nontransferable_derived_field.mdr:20
   |
20 | def worker = Concurrency::Spawn(BadPayload(increment), UsePayload);
   |                                                        ^^^^^^^^^^ Type fn(Int) -> Int does not satisfy constraint Transferable<fn(Int) -> Int> - no matching instance found
   |
  | Function and closure values are not transferable.
