Compilation failed :( 
Type Checker Error at test/concurrency/failure/spawn_argument_not_tuple.mdr:11
   |
11 | def worker = Concurrency::Spawn(1, Add);
   |                                    ^^^ Spawn expression type error: 'Add' takes 2 parameters, so pass them to Concurrency::Spawn as one 2-element tuple
Expected (Int, Int), but got Int
   |
