[warning] 1 warning(s) in dynamic_creation_capture_value.mmt
Static Analyzer Warning at test/closure/dynamic_creation_capture_value.mmt:8
  |
8 | def makeCapture = fn(val : Int) -> fn() -> Int => fn() -> Int => val;
  |                                                   ^^ Captured anonymous closure escapes its defining scope as a return value.
  |
0
1
2
