[warning] 1 warning(s) in dynamic_creation_capture_value.mdr
Static Analyzer Warning at C:\Users\jk381\source\repos\ZhongLienong\Midori\test\closure\dynamic_creation_capture_value.mdr:8
  |
8 | def makeCapture = fn(val : Int) -> fn() -> Int => fn() -> Int => val;
  |                                                   ^^ Captured anonymous closure escapes its defining scope as a return value.
  |
0
1
2
