[warning] 1 warning(s) in nested_capture_from_captured.mdr
Static Analyzer Warning at C:\Users\jk381\source\repos\ZhongLienong\Midori\test\closure\nested_capture_from_captured.mdr:15
   |
15 | 	fn() -> Int => child() + value
   |  ^^ Captured anonymous closure escapes its defining scope as a return value.
   |
21
21
