[warning] 1 warning(s) in return_in_def_binding.mdr
Static Analyzer Warning at test/return_arrow/return_in_def_binding.mdr:17
   |
17 | 	IO::PrintLine("unreachable");
   |  ^^ This code is unreachable because control flow already exits earlier in the block.
   |
unreachable_binding=4
reachable_binding_taken=5
reachable_binding_fallthrough=6
