Compilation failed :(
Code Generator Error at test/generics/failure/generic_function_imported_as_value.mmt:15
   |
15 | IO::PrintLine(apply(GenericFunctionValueLibrary::Identity, 5) as Text);
   |                     ^^^^^^^^^^^^^^^^^^^^^^^^^^^ Generic function 'GenericFunctionValueLibrary::Identity' is monomorphised at each call site, so it has no single procedure to use as a value. Call it directly, or wrap it in a non-generic lambda that pins its type parameters.
   |
