Compilation failed :(
Parser Error at test/pipe/failure/pipe_constructor_as_value.mmt:13
   |
13 | def bad = 2 |> Point;
   |                ^^^^^ Constructor 'Point' cannot be used as a value; it is monomorphised at each construction site and has no single procedure to pass around. Write 'Point(...)' to construct, or wrap it in a lambda.
   |
