Compilation failed :(
Type Checker Error at test/newtype/failure/instance_not_shared_across_newtypes.mdr:17
   |
17 | def result: Int = Describable::Describe(elapsed);
   |                                                ^ Call expression type error: no matching concrete instance for 'Describable::Describe'
   |
